--
-- PostgreSQL database dump
--

-- Dumped from database version 12.22 (Debian 12.22-1.pgdg120+1)
-- Dumped by pg_dump version 12.22 (Debian 12.22-1.pgdg120+1)

SET statement_timeout = 0;
SET
SET lock_timeout = 0;
SET
SET idle_in_transaction_session_timeout = 0;
SET
SET client_encoding = 'UTF8';
SET
SET standard_conforming_strings = on;
SET
SELECT pg_catalog.set_config('search_path', '', false);
 set_config
------------

(1 row)

SET check_function_bodies = false;
SET
SET xmloption = content;
SET
SET client_min_messages = warning;
SET
SET row_security = off;
SET

--
-- Name: api; Type: SCHEMA; Schema: -; Owner: -
--

CREATE SCHEMA api;
psql:datasets/logs.sql:23: ERROR:  schema "api" already exists


SET default_tablespace = '';
SET

SET default_table_access_method = heap;
SET

--
-- Name: events; Type: TABLE; Schema: api; Owner: -
--

CREATE TABLE api.events (
    id integer NOT NULL,
    event jsonb NOT NULL
);
psql:datasets/logs.sql:37: ERROR:  relation "events" already exists


--
-- Name: events_id_seq; Type: SEQUENCE; Schema: api; Owner: -
--

CREATE SEQUENCE api.events_id_seq
    AS integer
    START WITH 1
    INCREMENT BY 1
    NO MINVALUE
    NO MAXVALUE
    CACHE 1;
psql:datasets/logs.sql:50: ERROR:  relation "events_id_seq" already exists


--
-- Name: events_id_seq; Type: SEQUENCE OWNED BY; Schema: api; Owner: -
--

ALTER SEQUENCE api.events_id_seq OWNED BY api.events.id;
ALTER SEQUENCE


--
-- Name: events id; Type: DEFAULT; Schema: api; Owner: -
--

ALTER TABLE ONLY api.events ALTER COLUMN id SET DEFAULT nextval('api.events_id_seq'::regclass);
ALTER TABLE


--
-- Data for Name: events; Type: TABLE DATA; Schema: api; Owner: -
--

COPY api.events (id, event) FROM stdin;
COPY 45952


--
-- Name: events_id_seq; Type: SEQUENCE SET; Schema: api; Owner: -
--

SELECT pg_catalog.setval('api.events_id_seq', 45952, true);
 setval
--------
  45952
(1 row)



--
-- Name: events events_pkey; Type: CONSTRAINT; Schema: api; Owner: -
--

ALTER TABLE ONLY api.events
    ADD CONSTRAINT events_pkey PRIMARY KEY (id);
psql:datasets/logs.sql:46039: ERROR:  multiple primary keys for table "events" are not allowed


--
-- Name: SCHEMA api; Type: ACL; Schema: -; Owner: -
--

GRANT USAGE ON SCHEMA api TO web_anon;
psql:datasets/logs.sql:46046: ERROR:  role "web_anon" does not exist
GRANT USAGE ON SCHEMA api TO event_logger;
psql:datasets/logs.sql:46047: ERROR:  role "event_logger" does not exist


--
-- Name: TABLE events; Type: ACL; Schema: api; Owner: -
--

GRANT SELECT ON TABLE api.events TO web_anon;
psql:datasets/logs.sql:46054: ERROR:  role "web_anon" does not exist
GRANT ALL ON TABLE api.events TO event_logger;
psql:datasets/logs.sql:46055: ERROR:  role "event_logger" does not exist


--
-- Name: SEQUENCE events_id_seq; Type: ACL; Schema: api; Owner: -
--

GRANT SELECT,USAGE ON SEQUENCE api.events_id_seq TO event_logger;
psql:datasets/logs.sql:46062: ERROR:  role "event_logger" does not exist


--
-- PostgreSQL database dump complete
--
